{"timestamp":"2026-02-17T12:32:02.562138Z","level":"info","event":"DAG bundles loaded: dags-folder","logger":"airflow.dag_processing.bundles.manager.DagBundlesManager","filename":"manager.py","lineno":179}
{"timestamp":"2026-02-17T12:32:02.563052Z","level":"info","event":"Filling up the DagBag from /opt/airflow/dags/load_nvda_csv_to_market_postgres.py","logger":"airflow.models.dagbag.DagBag","filename":"dagbag.py","lineno":593}
{"timestamp":"2026-02-17T12:32:02.674467Z","level":"info","event":"================================================================================","logger":"unusual_prefix_323cb1a7a6eab534aca0c08f330d82549ef412e0_load_nvda_csv_to_market_postgres","filename":"load_nvda_csv_to_market_postgres.py","lineno":59}
{"timestamp":"2026-02-17T12:32:02.674695Z","level":"info","event":"INICIANDO CARGA DE CSV A POSTGRES","logger":"unusual_prefix_323cb1a7a6eab534aca0c08f330d82549ef412e0_load_nvda_csv_to_market_postgres","filename":"load_nvda_csv_to_market_postgres.py","lineno":60}
{"timestamp":"2026-02-17T12:32:02.674816Z","level":"info","event":"================================================================================","logger":"unusual_prefix_323cb1a7a6eab534aca0c08f330d82549ef412e0_load_nvda_csv_to_market_postgres","filename":"load_nvda_csv_to_market_postgres.py","lineno":61}
{"timestamp":"2026-02-17T12:32:02.675034Z","level":"info","event":"📄 CSV encontrado: /opt/airflow/data/massive/nvda/NVDA_aggs.csv","logger":"unusual_prefix_323cb1a7a6eab534aca0c08f330d82549ef412e0_load_nvda_csv_to_market_postgres","filename":"load_nvda_csv_to_market_postgres.py","lineno":71}
{"timestamp":"2026-02-17T12:32:02.675176Z","level":"info","event":"📊 Tamaño del archivo: 1.71 MB","logger":"unusual_prefix_323cb1a7a6eab534aca0c08f330d82549ef412e0_load_nvda_csv_to_market_postgres","filename":"load_nvda_csv_to_market_postgres.py","lineno":72}
{"timestamp":"2026-02-17T12:32:02.684742Z","level":"info","event":"🔄 Carga incremental desde timestamp: 1738889940000","logger":"unusual_prefix_323cb1a7a6eab534aca0c08f330d82549ef412e0_load_nvda_csv_to_market_postgres","filename":"load_nvda_csv_to_market_postgres.py","lineno":82}
{"timestamp":"2026-02-17T12:32:02.684944Z","level":"info","event":"   Última fecha procesada: 2025-02-07 00:59:00+00:00","logger":"unusual_prefix_323cb1a7a6eab534aca0c08f330d82549ef412e0_load_nvda_csv_to_market_postgres","filename":"load_nvda_csv_to_market_postgres.py","lineno":83}
{"timestamp":"2026-02-17T12:32:02.685056Z","level":"info","event":"🔌 Conectando a PostgreSQL: market_postgres","logger":"unusual_prefix_323cb1a7a6eab534aca0c08f330d82549ef412e0_load_nvda_csv_to_market_postgres","filename":"load_nvda_csv_to_market_postgres.py","lineno":86}
{"timestamp":"2026-02-17T12:32:02.867964Z","level":"warning","event":"empty cryptography key - values will not be stored encrypted.","logger":"airflow.models.crypto","filename":"crypto.py","lineno":82}
{"timestamp":"2026-02-17T12:32:02.935840Z","level":"info","event":"🏗️  Verificando/creando tabla: nvda_aggs_minute","logger":"unusual_prefix_323cb1a7a6eab534aca0c08f330d82549ef412e0_load_nvda_csv_to_***_postgres","filename":"load_nvda_csv_to_***_postgres.py","lineno":92}
{"timestamp":"2026-02-17T12:32:02.939931Z","level":"info","event":"✅ Tabla verificada/creada correctamente","logger":"unusual_prefix_323cb1a7a6eab534aca0c08f330d82549ef412e0_load_nvda_csv_to_***_postgres","filename":"load_nvda_csv_to_***_postgres.py","lineno":112}
{"timestamp":"2026-02-17T12:32:02.940126Z","level":"info","event":"📖 Comenzando lectura del CSV...","logger":"unusual_prefix_323cb1a7a6eab534aca0c08f330d82549ef412e0_load_nvda_csv_to_***_postgres","filename":"load_nvda_csv_to_***_postgres.py","lineno":139}
{"timestamp":"2026-02-17T12:32:02.940532Z","level":"info","event":"✅ Header del CSV validado correctamente","logger":"unusual_prefix_323cb1a7a6eab534aca0c08f330d82549ef412e0_load_nvda_csv_to_***_postgres","filename":"load_nvda_csv_to_***_postgres.py","lineno":149}
{"timestamp":"2026-02-17T12:32:03.072533Z","level":"info","event":"📦 Batch #1 - Primera fila:","logger":"unusual_prefix_323cb1a7a6eab534aca0c08f330d82549ef412e0_load_nvda_csv_to_***_postgres","filename":"load_nvda_csv_to_***_postgres.py","lineno":166}
{"timestamp":"2026-02-17T12:32:03.072714Z","level":"info","event":"   Timestamp: 2025-02-07 09:00:00+00:00 (1738918800000)","logger":"unusual_prefix_323cb1a7a6eab534aca0c08f330d82549ef412e0_load_nvda_csv_to_***_postgres","filename":"load_nvda_csv_to_***_postgres.py","lineno":167}
{"timestamp":"2026-02-17T12:32:03.072805Z","level":"info","event":"   Open: 128.59, Close: 128.87","logger":"unusual_prefix_323cb1a7a6eab534aca0c08f330d82549ef412e0_load_nvda_csv_to_***_postgres","filename":"load_nvda_csv_to_***_postgres.py","lineno":168}
{"timestamp":"2026-02-17T12:32:03.072887Z","level":"info","event":"   High: 129.17, Low: 128.5","logger":"unusual_prefix_323cb1a7a6eab534aca0c08f330d82549ef412e0_load_nvda_csv_to_***_postgres","filename":"load_nvda_csv_to_***_postgres.py","lineno":169}
{"timestamp":"2026-02-17T12:32:03.072967Z","level":"info","event":"   Volume: 33605","logger":"unusual_prefix_323cb1a7a6eab534aca0c08f330d82549ef412e0_load_nvda_csv_to_***_postgres","filename":"load_nvda_csv_to_***_postgres.py","lineno":170}
{"timestamp":"2026-02-17T12:32:03.226253Z","level":"info","event":"✅ Último batch #2 insertado: 959 filas | Total acumulado: 959","logger":"unusual_prefix_323cb1a7a6eab534aca0c08f330d82549ef412e0_load_nvda_csv_to_***_postgres","filename":"load_nvda_csv_to_***_postgres.py","lineno":206}
{"timestamp":"2026-02-17T12:32:03.226500Z","level":"info","event":"📊 Obteniendo estadísticas de la base de datos...","logger":"unusual_prefix_323cb1a7a6eab534aca0c08f330d82549ef412e0_load_nvda_csv_to_***_postgres","filename":"load_nvda_csv_to_***_postgres.py","lineno":209}
{"timestamp":"2026-02-17T12:32:03.389168Z","level":"info","event":"📈 ESTADÍSTICAS EN BASE DE DATOS:","logger":"unusual_prefix_323cb1a7a6eab534aca0c08f330d82549ef412e0_load_nvda_csv_to_***_postgres","filename":"load_nvda_csv_to_***_postgres.py","lineno":224}
{"timestamp":"2026-02-17T12:32:03.389496Z","level":"info","event":"   Total registros en tabla: 23,971","logger":"unusual_prefix_323cb1a7a6eab534aca0c08f330d82549ef412e0_load_nvda_csv_to_***_postgres","filename":"load_nvda_csv_to_***_postgres.py","lineno":225}
{"timestamp":"2026-02-17T12:32:03.389664Z","level":"info","event":"   Primer timestamp: 2025-01-02 09:00:00+00:00","logger":"unusual_prefix_323cb1a7a6eab534aca0c08f330d82549ef412e0_load_nvda_csv_to_***_postgres","filename":"load_nvda_csv_to_***_postgres.py","lineno":226}
{"timestamp":"2026-02-17T12:32:03.389806Z","level":"info","event":"   Último timestamp: 2025-02-08 00:59:00+00:00","logger":"unusual_prefix_323cb1a7a6eab534aca0c08f330d82549ef412e0_load_nvda_csv_to_***_postgres","filename":"load_nvda_csv_to_***_postgres.py","lineno":227}
{"timestamp":"2026-02-17T12:32:03.389940Z","level":"info","event":"   Precio mínimo: $113.56","logger":"unusual_prefix_323cb1a7a6eab534aca0c08f330d82549ef412e0_load_nvda_csv_to_***_postgres","filename":"load_nvda_csv_to_***_postgres.py","lineno":228}
{"timestamp":"2026-02-17T12:32:03.390067Z","level":"info","event":"   Precio máximo: $153.68","logger":"unusual_prefix_323cb1a7a6eab534aca0c08f330d82549ef412e0_load_nvda_csv_to_***_postgres","filename":"load_nvda_csv_to_***_postgres.py","lineno":229}
{"timestamp":"2026-02-17T12:32:03.390193Z","level":"info","event":"   Volumen promedio: 280,107","logger":"unusual_prefix_323cb1a7a6eab534aca0c08f330d82549ef412e0_load_nvda_csv_to_***_postgres","filename":"load_nvda_csv_to_***_postgres.py","lineno":230}
{"timestamp":"2026-02-17T12:32:03.409512Z","level":"info","event":"💾 Variable actualizada: massive_nvda_db_last_ts_ms = 1738976340000","logger":"unusual_prefix_323cb1a7a6eab534aca0c08f330d82549ef412e0_load_nvda_csv_to_***_postgres","filename":"load_nvda_csv_to_***_postgres.py","lineno":238}
{"timestamp":"2026-02-17T12:32:03.409728Z","level":"info","event":"   Corresponde a: 2025-02-08 00:59:00+00:00","logger":"unusual_prefix_323cb1a7a6eab534aca0c08f330d82549ef412e0_load_nvda_csv_to_***_postgres","filename":"load_nvda_csv_to_***_postgres.py","lineno":239}
{"timestamp":"2026-02-17T12:32:03.409836Z","level":"info","event":"================================================================================","logger":"unusual_prefix_323cb1a7a6eab534aca0c08f330d82549ef412e0_load_nvda_csv_to_***_postgres","filename":"load_nvda_csv_to_***_postgres.py","lineno":242}
{"timestamp":"2026-02-17T12:32:03.409935Z","level":"info","event":"📋 RESUMEN DE LA CARGA","logger":"unusual_prefix_323cb1a7a6eab534aca0c08f330d82549ef412e0_load_nvda_csv_to_***_postgres","filename":"load_nvda_csv_to_***_postgres.py","lineno":243}
{"timestamp":"2026-02-17T12:32:03.410033Z","level":"info","event":"================================================================================","logger":"unusual_prefix_323cb1a7a6eab534aca0c08f330d82549ef412e0_load_nvda_csv_to_***_postgres","filename":"load_nvda_csv_to_***_postgres.py","lineno":244}
{"timestamp":"2026-02-17T12:32:03.410142Z","level":"info","event":"✅ Registros nuevos insertados: 959","logger":"unusual_prefix_323cb1a7a6eab534aca0c08f330d82549ef412e0_load_nvda_csv_to_***_postgres","filename":"load_nvda_csv_to_***_postgres.py","lineno":245}
{"timestamp":"2026-02-17T12:32:03.410264Z","level":"info","event":"⏭️  Registros omitidos (ya existían): 26,850","logger":"unusual_prefix_323cb1a7a6eab534aca0c08f330d82549ef412e0_load_nvda_csv_to_***_postgres","filename":"load_nvda_csv_to_***_postgres.py","lineno":246}
{"timestamp":"2026-02-17T12:32:03.410381Z","level":"info","event":"📦 Total de batches procesados: 2","logger":"unusual_prefix_323cb1a7a6eab534aca0c08f330d82549ef412e0_load_nvda_csv_to_***_postgres","filename":"load_nvda_csv_to_***_postgres.py","lineno":247}
{"timestamp":"2026-02-17T12:32:03.410533Z","level":"info","event":"📁 Archivo CSV: /opt/airflow/data/massive/nvda/NVDA_aggs.csv","logger":"unusual_prefix_323cb1a7a6eab534aca0c08f330d82549ef412e0_load_nvda_csv_to_***_postgres","filename":"load_nvda_csv_to_***_postgres.py","lineno":248}
{"timestamp":"2026-02-17T12:32:03.410653Z","level":"info","event":"🗄️  Tabla destino: nvda_aggs_minute","logger":"unusual_prefix_323cb1a7a6eab534aca0c08f330d82549ef412e0_load_nvda_csv_to_***_postgres","filename":"load_nvda_csv_to_***_postgres.py","lineno":249}
{"timestamp":"2026-02-17T12:32:03.410765Z","level":"info","event":"🔢 Tamaño del batch: 5,000","logger":"unusual_prefix_323cb1a7a6eab534aca0c08f330d82549ef412e0_load_nvda_csv_to_***_postgres","filename":"load_nvda_csv_to_***_postgres.py","lineno":250}
{"timestamp":"2026-02-17T12:32:03.410878Z","level":"info","event":"================================================================================","logger":"unusual_prefix_323cb1a7a6eab534aca0c08f330d82549ef412e0_load_nvda_csv_to_***_postgres","filename":"load_nvda_csv_to_***_postgres.py","lineno":251}
{"timestamp":"2026-02-17T12:32:03.411117Z","level":"info","event":"📤 Resultado final: {\n  \"rows_inserted\": 959,\n  \"rows_skipped\": 26850,\n  \"batches_processed\": 2,\n  \"last_timestamp_ms\": 1738976340000,\n  \"last_timestamp_dt\": \"2025-02-08T00:59:00+00:00\",\n  \"csv_path\": \"/opt/airflow/data/massive/nvda/NVDA_aggs.csv\",\n  \"csv_size_mb\": 1.71,\n  \"table\": \"nvda_aggs_minute\",\n  \"db_total_rows\": 23971\n}","logger":"unusual_prefix_323cb1a7a6eab534aca0c08f330d82549ef412e0_load_nvda_csv_to_***_postgres","filename":"load_nvda_csv_to_***_postgres.py","lineno":266}
{"timestamp":"2026-02-17T12:32:03.411798Z","level":"info","event":"Done. Returned value was: {'rows_inserted': 959, 'rows_skipped': 26850, 'batches_processed': 2, 'last_timestamp_ms': 1738976340000, 'last_timestamp_dt': '2025-02-08T00:59:00+00:00', 'csv_path': '/opt/airflow/data/massive/nvda/NVDA_aggs.csv', 'csv_size_mb': 1.71, 'table': 'nvda_aggs_minute', 'db_total_rows': 23971}","logger":"airflow.task.operators.airflow.providers.standard.decorators.python._PythonDecoratedOperator","filename":"python.py","lineno":216}
{"timestamp":"2026-02-17T12:32:03.412238Z","level":"info","event":"Pushing xcom","ti":"RuntimeTaskInstance(id=UUID('019c6b96-0b23-7a2e-a357-a739d5e912c1'), task_id='upsert_csv', dag_id='load_nvda_csv_to_***_postgres', run_id='manual__2026-02-17T12:32:01.015726+00:00', try_number=1, dag_version_id=UUID('019c4439-a44c-7b80-bec5-3629f213a6be'), map_index=-1, hostname='9089b8995408', context_carrier={}, task=<Task(_PythonDecoratedOperator): upsert_csv>, bundle_instance=LocalDagBundle(name=dags-folder), max_tries=0, start_date=datetime.datetime(2026, 2, 17, 12, 32, 2, 492362, tzinfo=datetime.timezone.utc), end_date=None, state=<TaskInstanceState.RUNNING: 'running'>, is_mapped=False, rendered_map_index=None)","logger":"task","filename":"task_runner.py","lineno":1450}
