{"timestamp":"2026-02-11T02:00:08.140486Z","level":"info","event":"DAG bundles loaded: dags-folder","logger":"airflow.dag_processing.bundles.manager.DagBundlesManager","filename":"manager.py","lineno":179}
{"timestamp":"2026-02-11T02:00:08.141487Z","level":"info","event":"Filling up the DagBag from /opt/airflow/dags/load_nvda_csv_to_market_postgres.py","logger":"airflow.models.dagbag.DagBag","filename":"dagbag.py","lineno":593}
{"timestamp":"2026-02-11T02:00:08.252662Z","level":"info","event":"================================================================================","logger":"unusual_prefix_323cb1a7a6eab534aca0c08f330d82549ef412e0_load_nvda_csv_to_market_postgres","filename":"load_nvda_csv_to_market_postgres.py","lineno":59}
{"timestamp":"2026-02-11T02:00:08.252875Z","level":"info","event":"INICIANDO CARGA DE CSV A POSTGRES","logger":"unusual_prefix_323cb1a7a6eab534aca0c08f330d82549ef412e0_load_nvda_csv_to_market_postgres","filename":"load_nvda_csv_to_market_postgres.py","lineno":60}
{"timestamp":"2026-02-11T02:00:08.252987Z","level":"info","event":"================================================================================","logger":"unusual_prefix_323cb1a7a6eab534aca0c08f330d82549ef412e0_load_nvda_csv_to_market_postgres","filename":"load_nvda_csv_to_market_postgres.py","lineno":61}
{"timestamp":"2026-02-11T02:00:08.253213Z","level":"info","event":"📄 CSV encontrado: /opt/airflow/data/massive/nvda/NVDA_aggs.csv","logger":"unusual_prefix_323cb1a7a6eab534aca0c08f330d82549ef412e0_load_nvda_csv_to_market_postgres","filename":"load_nvda_csv_to_market_postgres.py","lineno":71}
{"timestamp":"2026-02-11T02:00:08.253334Z","level":"info","event":"📊 Tamaño del archivo: 1.24 MB","logger":"unusual_prefix_323cb1a7a6eab534aca0c08f330d82549ef412e0_load_nvda_csv_to_market_postgres","filename":"load_nvda_csv_to_market_postgres.py","lineno":72}
{"timestamp":"2026-02-11T02:00:08.262816Z","level":"info","event":"🔄 Carga incremental desde timestamp: 1738371540000","logger":"unusual_prefix_323cb1a7a6eab534aca0c08f330d82549ef412e0_load_nvda_csv_to_market_postgres","filename":"load_nvda_csv_to_market_postgres.py","lineno":82}
{"timestamp":"2026-02-11T02:00:08.263029Z","level":"info","event":"   Última fecha procesada: 2025-02-01 00:59:00+00:00","logger":"unusual_prefix_323cb1a7a6eab534aca0c08f330d82549ef412e0_load_nvda_csv_to_market_postgres","filename":"load_nvda_csv_to_market_postgres.py","lineno":83}
{"timestamp":"2026-02-11T02:00:08.263146Z","level":"info","event":"🔌 Conectando a PostgreSQL: market_postgres","logger":"unusual_prefix_323cb1a7a6eab534aca0c08f330d82549ef412e0_load_nvda_csv_to_market_postgres","filename":"load_nvda_csv_to_market_postgres.py","lineno":86}
{"timestamp":"2026-02-11T02:00:08.448576Z","level":"warning","event":"empty cryptography key - values will not be stored encrypted.","logger":"airflow.models.crypto","filename":"crypto.py","lineno":82}
{"timestamp":"2026-02-11T02:00:08.489398Z","level":"info","event":"🏗️  Verificando/creando tabla: nvda_aggs_minute","logger":"unusual_prefix_323cb1a7a6eab534aca0c08f330d82549ef412e0_load_nvda_csv_to_***_postgres","filename":"load_nvda_csv_to_***_postgres.py","lineno":92}
{"timestamp":"2026-02-11T02:00:08.493641Z","level":"info","event":"✅ Tabla verificada/creada correctamente","logger":"unusual_prefix_323cb1a7a6eab534aca0c08f330d82549ef412e0_load_nvda_csv_to_***_postgres","filename":"load_nvda_csv_to_***_postgres.py","lineno":112}
{"timestamp":"2026-02-11T02:00:08.493841Z","level":"info","event":"📖 Comenzando lectura del CSV...","logger":"unusual_prefix_323cb1a7a6eab534aca0c08f330d82549ef412e0_load_nvda_csv_to_***_postgres","filename":"load_nvda_csv_to_***_postgres.py","lineno":139}
{"timestamp":"2026-02-11T02:00:08.494248Z","level":"info","event":"✅ Header del CSV validado correctamente","logger":"unusual_prefix_323cb1a7a6eab534aca0c08f330d82549ef412e0_load_nvda_csv_to_***_postgres","filename":"load_nvda_csv_to_***_postgres.py","lineno":149}
{"timestamp":"2026-02-11T02:00:08.586442Z","level":"info","event":"📦 Batch #1 - Primera fila:","logger":"unusual_prefix_323cb1a7a6eab534aca0c08f330d82549ef412e0_load_nvda_csv_to_***_postgres","filename":"load_nvda_csv_to_***_postgres.py","lineno":166}
{"timestamp":"2026-02-11T02:00:08.586620Z","level":"info","event":"   Timestamp: 2025-02-03 09:00:00+00:00 (1738573200000)","logger":"unusual_prefix_323cb1a7a6eab534aca0c08f330d82549ef412e0_load_nvda_csv_to_***_postgres","filename":"load_nvda_csv_to_***_postgres.py","lineno":167}
{"timestamp":"2026-02-11T02:00:08.586723Z","level":"info","event":"   Open: 116.01, Close: 115.35","logger":"unusual_prefix_323cb1a7a6eab534aca0c08f330d82549ef412e0_load_nvda_csv_to_***_postgres","filename":"load_nvda_csv_to_***_postgres.py","lineno":168}
{"timestamp":"2026-02-11T02:00:08.586810Z","level":"info","event":"   High: 118, Low: 115","logger":"unusual_prefix_323cb1a7a6eab534aca0c08f330d82549ef412e0_load_nvda_csv_to_***_postgres","filename":"load_nvda_csv_to_***_postgres.py","lineno":169}
{"timestamp":"2026-02-11T02:00:08.586892Z","level":"info","event":"   Volume: 290415","logger":"unusual_prefix_323cb1a7a6eab534aca0c08f330d82549ef412e0_load_nvda_csv_to_***_postgres","filename":"load_nvda_csv_to_***_postgres.py","lineno":170}
{"timestamp":"2026-02-11T02:00:08.736038Z","level":"info","event":"✅ Último batch #2 insertado: 960 filas | Total acumulado: 960","logger":"unusual_prefix_323cb1a7a6eab534aca0c08f330d82549ef412e0_load_nvda_csv_to_***_postgres","filename":"load_nvda_csv_to_***_postgres.py","lineno":206}
{"timestamp":"2026-02-11T02:00:08.736274Z","level":"info","event":"📊 Obteniendo estadísticas de la base de datos...","logger":"unusual_prefix_323cb1a7a6eab534aca0c08f330d82549ef412e0_load_nvda_csv_to_***_postgres","filename":"load_nvda_csv_to_***_postgres.py","lineno":209}
{"timestamp":"2026-02-11T02:00:08.840086Z","level":"info","event":"📈 ESTADÍSTICAS EN BASE DE DATOS:","logger":"unusual_prefix_323cb1a7a6eab534aca0c08f330d82549ef412e0_load_nvda_csv_to_***_postgres","filename":"load_nvda_csv_to_***_postgres.py","lineno":224}
{"timestamp":"2026-02-11T02:00:08.840373Z","level":"info","event":"   Total registros en tabla: 20,134","logger":"unusual_prefix_323cb1a7a6eab534aca0c08f330d82549ef412e0_load_nvda_csv_to_***_postgres","filename":"load_nvda_csv_to_***_postgres.py","lineno":225}
{"timestamp":"2026-02-11T02:00:08.840542Z","level":"info","event":"   Primer timestamp: 2025-01-02 09:00:00+00:00","logger":"unusual_prefix_323cb1a7a6eab534aca0c08f330d82549ef412e0_load_nvda_csv_to_***_postgres","filename":"load_nvda_csv_to_***_postgres.py","lineno":226}
{"timestamp":"2026-02-11T02:00:08.840678Z","level":"info","event":"   Último timestamp: 2025-02-04 00:59:00+00:00","logger":"unusual_prefix_323cb1a7a6eab534aca0c08f330d82549ef412e0_load_nvda_csv_to_***_postgres","filename":"load_nvda_csv_to_***_postgres.py","lineno":227}
{"timestamp":"2026-02-11T02:00:08.840810Z","level":"info","event":"   Precio mínimo: $113.56","logger":"unusual_prefix_323cb1a7a6eab534aca0c08f330d82549ef412e0_load_nvda_csv_to_***_postgres","filename":"load_nvda_csv_to_***_postgres.py","lineno":228}
{"timestamp":"2026-02-11T02:00:08.840932Z","level":"info","event":"   Precio máximo: $153.68","logger":"unusual_prefix_323cb1a7a6eab534aca0c08f330d82549ef412e0_load_nvda_csv_to_***_postgres","filename":"load_nvda_csv_to_***_postgres.py","lineno":229}
{"timestamp":"2026-02-11T02:00:08.841071Z","level":"info","event":"   Volumen promedio: 287,737","logger":"unusual_prefix_323cb1a7a6eab534aca0c08f330d82549ef412e0_load_nvda_csv_to_***_postgres","filename":"load_nvda_csv_to_***_postgres.py","lineno":230}
{"timestamp":"2026-02-11T02:00:08.859762Z","level":"info","event":"💾 Variable actualizada: massive_nvda_db_last_ts_ms = 1738630740000","logger":"unusual_prefix_323cb1a7a6eab534aca0c08f330d82549ef412e0_load_nvda_csv_to_***_postgres","filename":"load_nvda_csv_to_***_postgres.py","lineno":238}
{"timestamp":"2026-02-11T02:00:08.859966Z","level":"info","event":"   Corresponde a: 2025-02-04 00:59:00+00:00","logger":"unusual_prefix_323cb1a7a6eab534aca0c08f330d82549ef412e0_load_nvda_csv_to_***_postgres","filename":"load_nvda_csv_to_***_postgres.py","lineno":239}
{"timestamp":"2026-02-11T02:00:08.860091Z","level":"info","event":"================================================================================","logger":"unusual_prefix_323cb1a7a6eab534aca0c08f330d82549ef412e0_load_nvda_csv_to_***_postgres","filename":"load_nvda_csv_to_***_postgres.py","lineno":242}
{"timestamp":"2026-02-11T02:00:08.860189Z","level":"info","event":"📋 RESUMEN DE LA CARGA","logger":"unusual_prefix_323cb1a7a6eab534aca0c08f330d82549ef412e0_load_nvda_csv_to_***_postgres","filename":"load_nvda_csv_to_***_postgres.py","lineno":243}
{"timestamp":"2026-02-11T02:00:08.860282Z","level":"info","event":"================================================================================","logger":"unusual_prefix_323cb1a7a6eab534aca0c08f330d82549ef412e0_load_nvda_csv_to_***_postgres","filename":"load_nvda_csv_to_***_postgres.py","lineno":244}
{"timestamp":"2026-02-11T02:00:08.860375Z","level":"info","event":"✅ Registros nuevos insertados: 960","logger":"unusual_prefix_323cb1a7a6eab534aca0c08f330d82549ef412e0_load_nvda_csv_to_***_postgres","filename":"load_nvda_csv_to_***_postgres.py","lineno":245}
{"timestamp":"2026-02-11T02:00:08.860472Z","level":"info","event":"⏭️  Registros omitidos (ya existían): 19,174","logger":"unusual_prefix_323cb1a7a6eab534aca0c08f330d82549ef412e0_load_nvda_csv_to_***_postgres","filename":"load_nvda_csv_to_***_postgres.py","lineno":246}
{"timestamp":"2026-02-11T02:00:08.860562Z","level":"info","event":"📦 Total de batches procesados: 2","logger":"unusual_prefix_323cb1a7a6eab534aca0c08f330d82549ef412e0_load_nvda_csv_to_***_postgres","filename":"load_nvda_csv_to_***_postgres.py","lineno":247}
{"timestamp":"2026-02-11T02:00:08.860669Z","level":"info","event":"📁 Archivo CSV: /opt/airflow/data/massive/nvda/NVDA_aggs.csv","logger":"unusual_prefix_323cb1a7a6eab534aca0c08f330d82549ef412e0_load_nvda_csv_to_***_postgres","filename":"load_nvda_csv_to_***_postgres.py","lineno":248}
{"timestamp":"2026-02-11T02:00:08.860762Z","level":"info","event":"🗄️  Tabla destino: nvda_aggs_minute","logger":"unusual_prefix_323cb1a7a6eab534aca0c08f330d82549ef412e0_load_nvda_csv_to_***_postgres","filename":"load_nvda_csv_to_***_postgres.py","lineno":249}
{"timestamp":"2026-02-11T02:00:08.860852Z","level":"info","event":"🔢 Tamaño del batch: 5,000","logger":"unusual_prefix_323cb1a7a6eab534aca0c08f330d82549ef412e0_load_nvda_csv_to_***_postgres","filename":"load_nvda_csv_to_***_postgres.py","lineno":250}
{"timestamp":"2026-02-11T02:00:08.860939Z","level":"info","event":"================================================================================","logger":"unusual_prefix_323cb1a7a6eab534aca0c08f330d82549ef412e0_load_nvda_csv_to_***_postgres","filename":"load_nvda_csv_to_***_postgres.py","lineno":251}
{"timestamp":"2026-02-11T02:00:08.861141Z","level":"info","event":"📤 Resultado final: {\n  \"rows_inserted\": 960,\n  \"rows_skipped\": 19174,\n  \"batches_processed\": 2,\n  \"last_timestamp_ms\": 1738630740000,\n  \"last_timestamp_dt\": \"2025-02-04T00:59:00+00:00\",\n  \"csv_path\": \"/opt/airflow/data/massive/nvda/NVDA_aggs.csv\",\n  \"csv_size_mb\": 1.24,\n  \"table\": \"nvda_aggs_minute\",\n  \"db_total_rows\": 20134\n}","logger":"unusual_prefix_323cb1a7a6eab534aca0c08f330d82549ef412e0_load_nvda_csv_to_***_postgres","filename":"load_nvda_csv_to_***_postgres.py","lineno":266}
{"timestamp":"2026-02-11T02:00:08.861692Z","level":"info","event":"Done. Returned value was: {'rows_inserted': 960, 'rows_skipped': 19174, 'batches_processed': 2, 'last_timestamp_ms': 1738630740000, 'last_timestamp_dt': '2025-02-04T00:59:00+00:00', 'csv_path': '/opt/airflow/data/massive/nvda/NVDA_aggs.csv', 'csv_size_mb': 1.24, 'table': 'nvda_aggs_minute', 'db_total_rows': 20134}","logger":"airflow.task.operators.airflow.providers.standard.decorators.python._PythonDecoratedOperator","filename":"python.py","lineno":216}
{"timestamp":"2026-02-11T02:00:08.862182Z","level":"info","event":"Pushing xcom","ti":"RuntimeTaskInstance(id=UUID('019c4a6d-5e4a-72c3-ac3b-cffe476b566d'), task_id='upsert_csv', dag_id='load_nvda_csv_to_***_postgres', run_id='manual__2026-02-11T02:00:07.220244+00:00', try_number=1, dag_version_id=UUID('019c4439-a44c-7b80-bec5-3629f213a6be'), map_index=-1, hostname='9089b8995408', context_carrier={}, task=<Task(_PythonDecoratedOperator): upsert_csv>, bundle_instance=LocalDagBundle(name=dags-folder), max_tries=0, start_date=datetime.datetime(2026, 2, 11, 2, 0, 8, 72905, tzinfo=datetime.timezone.utc), end_date=None, state=<TaskInstanceState.RUNNING: 'running'>, is_mapped=False, rendered_map_index=None)","logger":"task","filename":"task_runner.py","lineno":1450}
