{"timestamp":"2026-02-14T02:00:03.396164Z","level":"info","event":"DAG bundles loaded: dags-folder","logger":"airflow.dag_processing.bundles.manager.DagBundlesManager","filename":"manager.py","lineno":179}
{"timestamp":"2026-02-14T02:00:03.397155Z","level":"info","event":"Filling up the DagBag from /opt/airflow/dags/load_nvda_csv_to_market_postgres.py","logger":"airflow.models.dagbag.DagBag","filename":"dagbag.py","lineno":593}
{"timestamp":"2026-02-14T02:00:03.478423Z","level":"info","event":"================================================================================","logger":"unusual_prefix_323cb1a7a6eab534aca0c08f330d82549ef412e0_load_nvda_csv_to_market_postgres","filename":"load_nvda_csv_to_market_postgres.py","lineno":59}
{"timestamp":"2026-02-14T02:00:03.478640Z","level":"info","event":"INICIANDO CARGA DE CSV A POSTGRES","logger":"unusual_prefix_323cb1a7a6eab534aca0c08f330d82549ef412e0_load_nvda_csv_to_market_postgres","filename":"load_nvda_csv_to_market_postgres.py","lineno":60}
{"timestamp":"2026-02-14T02:00:03.478751Z","level":"info","event":"================================================================================","logger":"unusual_prefix_323cb1a7a6eab534aca0c08f330d82549ef412e0_load_nvda_csv_to_market_postgres","filename":"load_nvda_csv_to_market_postgres.py","lineno":61}
{"timestamp":"2026-02-14T02:00:03.478955Z","level":"info","event":"📄 CSV encontrado: /opt/airflow/data/massive/nvda/NVDA_aggs.csv","logger":"unusual_prefix_323cb1a7a6eab534aca0c08f330d82549ef412e0_load_nvda_csv_to_market_postgres","filename":"load_nvda_csv_to_market_postgres.py","lineno":71}
{"timestamp":"2026-02-14T02:00:03.479094Z","level":"info","event":"📊 Tamaño del archivo: 1.59 MB","logger":"unusual_prefix_323cb1a7a6eab534aca0c08f330d82549ef412e0_load_nvda_csv_to_market_postgres","filename":"load_nvda_csv_to_market_postgres.py","lineno":72}
{"timestamp":"2026-02-14T02:00:03.488483Z","level":"info","event":"🔄 Carga incremental desde timestamp: 1738803540000","logger":"unusual_prefix_323cb1a7a6eab534aca0c08f330d82549ef412e0_load_nvda_csv_to_market_postgres","filename":"load_nvda_csv_to_market_postgres.py","lineno":82}
{"timestamp":"2026-02-14T02:00:03.488671Z","level":"info","event":"   Última fecha procesada: 2025-02-06 00:59:00+00:00","logger":"unusual_prefix_323cb1a7a6eab534aca0c08f330d82549ef412e0_load_nvda_csv_to_market_postgres","filename":"load_nvda_csv_to_market_postgres.py","lineno":83}
{"timestamp":"2026-02-14T02:00:03.488776Z","level":"info","event":"🔌 Conectando a PostgreSQL: market_postgres","logger":"unusual_prefix_323cb1a7a6eab534aca0c08f330d82549ef412e0_load_nvda_csv_to_market_postgres","filename":"load_nvda_csv_to_market_postgres.py","lineno":86}
{"timestamp":"2026-02-14T02:00:03.675847Z","level":"warning","event":"empty cryptography key - values will not be stored encrypted.","logger":"airflow.models.crypto","filename":"crypto.py","lineno":82}
{"timestamp":"2026-02-14T02:00:03.689267Z","level":"info","event":"🏗️  Verificando/creando tabla: nvda_aggs_minute","logger":"unusual_prefix_323cb1a7a6eab534aca0c08f330d82549ef412e0_load_nvda_csv_to_***_postgres","filename":"load_nvda_csv_to_***_postgres.py","lineno":92}
{"timestamp":"2026-02-14T02:00:03.690231Z","level":"info","event":"✅ Tabla verificada/creada correctamente","logger":"unusual_prefix_323cb1a7a6eab534aca0c08f330d82549ef412e0_load_nvda_csv_to_***_postgres","filename":"load_nvda_csv_to_***_postgres.py","lineno":112}
{"timestamp":"2026-02-14T02:00:03.690404Z","level":"info","event":"📖 Comenzando lectura del CSV...","logger":"unusual_prefix_323cb1a7a6eab534aca0c08f330d82549ef412e0_load_nvda_csv_to_***_postgres","filename":"load_nvda_csv_to_***_postgres.py","lineno":139}
{"timestamp":"2026-02-14T02:00:03.690757Z","level":"info","event":"✅ Header del CSV validado correctamente","logger":"unusual_prefix_323cb1a7a6eab534aca0c08f330d82549ef412e0_load_nvda_csv_to_***_postgres","filename":"load_nvda_csv_to_***_postgres.py","lineno":149}
{"timestamp":"2026-02-14T02:00:03.807326Z","level":"info","event":"📦 Batch #1 - Primera fila:","logger":"unusual_prefix_323cb1a7a6eab534aca0c08f330d82549ef412e0_load_nvda_csv_to_***_postgres","filename":"load_nvda_csv_to_***_postgres.py","lineno":166}
{"timestamp":"2026-02-14T02:00:03.807522Z","level":"info","event":"   Timestamp: 2025-02-06 09:00:00+00:00 (1738832400000)","logger":"unusual_prefix_323cb1a7a6eab534aca0c08f330d82549ef412e0_load_nvda_csv_to_***_postgres","filename":"load_nvda_csv_to_***_postgres.py","lineno":167}
{"timestamp":"2026-02-14T02:00:03.807622Z","level":"info","event":"   Open: 125.35, Close: 125.34","logger":"unusual_prefix_323cb1a7a6eab534aca0c08f330d82549ef412e0_load_nvda_csv_to_***_postgres","filename":"load_nvda_csv_to_***_postgres.py","lineno":168}
{"timestamp":"2026-02-14T02:00:03.807708Z","level":"info","event":"   High: 125.36, Low: 125.05","logger":"unusual_prefix_323cb1a7a6eab534aca0c08f330d82549ef412e0_load_nvda_csv_to_***_postgres","filename":"load_nvda_csv_to_***_postgres.py","lineno":169}
{"timestamp":"2026-02-14T02:00:03.807789Z","level":"info","event":"   Volume: 31421","logger":"unusual_prefix_323cb1a7a6eab534aca0c08f330d82549ef412e0_load_nvda_csv_to_***_postgres","filename":"load_nvda_csv_to_***_postgres.py","lineno":170}
{"timestamp":"2026-02-14T02:00:03.917446Z","level":"info","event":"✅ Último batch #2 insertado: 960 filas | Total acumulado: 960","logger":"unusual_prefix_323cb1a7a6eab534aca0c08f330d82549ef412e0_load_nvda_csv_to_***_postgres","filename":"load_nvda_csv_to_***_postgres.py","lineno":206}
{"timestamp":"2026-02-14T02:00:03.917729Z","level":"info","event":"📊 Obteniendo estadísticas de la base de datos...","logger":"unusual_prefix_323cb1a7a6eab534aca0c08f330d82549ef412e0_load_nvda_csv_to_***_postgres","filename":"load_nvda_csv_to_***_postgres.py","lineno":209}
{"timestamp":"2026-02-14T02:00:03.930455Z","level":"info","event":"📈 ESTADÍSTICAS EN BASE DE DATOS:","logger":"unusual_prefix_323cb1a7a6eab534aca0c08f330d82549ef412e0_load_nvda_csv_to_***_postgres","filename":"load_nvda_csv_to_***_postgres.py","lineno":224}
{"timestamp":"2026-02-14T02:00:03.930652Z","level":"info","event":"   Total registros en tabla: 23,012","logger":"unusual_prefix_323cb1a7a6eab534aca0c08f330d82549ef412e0_load_nvda_csv_to_***_postgres","filename":"load_nvda_csv_to_***_postgres.py","lineno":225}
{"timestamp":"2026-02-14T02:00:03.930791Z","level":"info","event":"   Primer timestamp: 2025-01-02 09:00:00+00:00","logger":"unusual_prefix_323cb1a7a6eab534aca0c08f330d82549ef412e0_load_nvda_csv_to_***_postgres","filename":"load_nvda_csv_to_***_postgres.py","lineno":226}
{"timestamp":"2026-02-14T02:00:03.930920Z","level":"info","event":"   Último timestamp: 2025-02-07 00:59:00+00:00","logger":"unusual_prefix_323cb1a7a6eab534aca0c08f330d82549ef412e0_load_nvda_csv_to_***_postgres","filename":"load_nvda_csv_to_***_postgres.py","lineno":227}
{"timestamp":"2026-02-14T02:00:03.931069Z","level":"info","event":"   Precio mínimo: $113.56","logger":"unusual_prefix_323cb1a7a6eab534aca0c08f330d82549ef412e0_load_nvda_csv_to_***_postgres","filename":"load_nvda_csv_to_***_postgres.py","lineno":228}
{"timestamp":"2026-02-14T02:00:03.931200Z","level":"info","event":"   Precio máximo: $153.68","logger":"unusual_prefix_323cb1a7a6eab534aca0c08f330d82549ef412e0_load_nvda_csv_to_***_postgres","filename":"load_nvda_csv_to_***_postgres.py","lineno":229}
{"timestamp":"2026-02-14T02:00:03.931327Z","level":"info","event":"   Volumen promedio: 282,389","logger":"unusual_prefix_323cb1a7a6eab534aca0c08f330d82549ef412e0_load_nvda_csv_to_***_postgres","filename":"load_nvda_csv_to_***_postgres.py","lineno":230}
{"timestamp":"2026-02-14T02:00:03.950990Z","level":"info","event":"💾 Variable actualizada: massive_nvda_db_last_ts_ms = 1738889940000","logger":"unusual_prefix_323cb1a7a6eab534aca0c08f330d82549ef412e0_load_nvda_csv_to_***_postgres","filename":"load_nvda_csv_to_***_postgres.py","lineno":238}
{"timestamp":"2026-02-14T02:00:03.951216Z","level":"info","event":"   Corresponde a: 2025-02-07 00:59:00+00:00","logger":"unusual_prefix_323cb1a7a6eab534aca0c08f330d82549ef412e0_load_nvda_csv_to_***_postgres","filename":"load_nvda_csv_to_***_postgres.py","lineno":239}
{"timestamp":"2026-02-14T02:00:03.951335Z","level":"info","event":"================================================================================","logger":"unusual_prefix_323cb1a7a6eab534aca0c08f330d82549ef412e0_load_nvda_csv_to_***_postgres","filename":"load_nvda_csv_to_***_postgres.py","lineno":242}
{"timestamp":"2026-02-14T02:00:03.951439Z","level":"info","event":"📋 RESUMEN DE LA CARGA","logger":"unusual_prefix_323cb1a7a6eab534aca0c08f330d82549ef412e0_load_nvda_csv_to_***_postgres","filename":"load_nvda_csv_to_***_postgres.py","lineno":243}
{"timestamp":"2026-02-14T02:00:03.951544Z","level":"info","event":"================================================================================","logger":"unusual_prefix_323cb1a7a6eab534aca0c08f330d82549ef412e0_load_nvda_csv_to_***_postgres","filename":"load_nvda_csv_to_***_postgres.py","lineno":244}
{"timestamp":"2026-02-14T02:00:03.951648Z","level":"info","event":"✅ Registros nuevos insertados: 960","logger":"unusual_prefix_323cb1a7a6eab534aca0c08f330d82549ef412e0_load_nvda_csv_to_***_postgres","filename":"load_nvda_csv_to_***_postgres.py","lineno":245}
{"timestamp":"2026-02-14T02:00:03.951757Z","level":"info","event":"⏭️  Registros omitidos (ya existían): 24,930","logger":"unusual_prefix_323cb1a7a6eab534aca0c08f330d82549ef412e0_load_nvda_csv_to_***_postgres","filename":"load_nvda_csv_to_***_postgres.py","lineno":246}
{"timestamp":"2026-02-14T02:00:03.951860Z","level":"info","event":"📦 Total de batches procesados: 2","logger":"unusual_prefix_323cb1a7a6eab534aca0c08f330d82549ef412e0_load_nvda_csv_to_***_postgres","filename":"load_nvda_csv_to_***_postgres.py","lineno":247}
{"timestamp":"2026-02-14T02:00:03.951971Z","level":"info","event":"📁 Archivo CSV: /opt/airflow/data/massive/nvda/NVDA_aggs.csv","logger":"unusual_prefix_323cb1a7a6eab534aca0c08f330d82549ef412e0_load_nvda_csv_to_***_postgres","filename":"load_nvda_csv_to_***_postgres.py","lineno":248}
{"timestamp":"2026-02-14T02:00:03.952085Z","level":"info","event":"🗄️  Tabla destino: nvda_aggs_minute","logger":"unusual_prefix_323cb1a7a6eab534aca0c08f330d82549ef412e0_load_nvda_csv_to_***_postgres","filename":"load_nvda_csv_to_***_postgres.py","lineno":249}
{"timestamp":"2026-02-14T02:00:03.952192Z","level":"info","event":"🔢 Tamaño del batch: 5,000","logger":"unusual_prefix_323cb1a7a6eab534aca0c08f330d82549ef412e0_load_nvda_csv_to_***_postgres","filename":"load_nvda_csv_to_***_postgres.py","lineno":250}
{"timestamp":"2026-02-14T02:00:03.952292Z","level":"info","event":"================================================================================","logger":"unusual_prefix_323cb1a7a6eab534aca0c08f330d82549ef412e0_load_nvda_csv_to_***_postgres","filename":"load_nvda_csv_to_***_postgres.py","lineno":251}
{"timestamp":"2026-02-14T02:00:03.952520Z","level":"info","event":"📤 Resultado final: {\n  \"rows_inserted\": 960,\n  \"rows_skipped\": 24930,\n  \"batches_processed\": 2,\n  \"last_timestamp_ms\": 1738889940000,\n  \"last_timestamp_dt\": \"2025-02-07T00:59:00+00:00\",\n  \"csv_path\": \"/opt/airflow/data/massive/nvda/NVDA_aggs.csv\",\n  \"csv_size_mb\": 1.59,\n  \"table\": \"nvda_aggs_minute\",\n  \"db_total_rows\": 23012\n}","logger":"unusual_prefix_323cb1a7a6eab534aca0c08f330d82549ef412e0_load_nvda_csv_to_***_postgres","filename":"load_nvda_csv_to_***_postgres.py","lineno":266}
{"timestamp":"2026-02-14T02:00:03.953152Z","level":"info","event":"Done. Returned value was: {'rows_inserted': 960, 'rows_skipped': 24930, 'batches_processed': 2, 'last_timestamp_ms': 1738889940000, 'last_timestamp_dt': '2025-02-07T00:59:00+00:00', 'csv_path': '/opt/airflow/data/massive/nvda/NVDA_aggs.csv', 'csv_size_mb': 1.59, 'table': 'nvda_aggs_minute', 'db_total_rows': 23012}","logger":"airflow.task.operators.airflow.providers.standard.decorators.python._PythonDecoratedOperator","filename":"python.py","lineno":216}
{"timestamp":"2026-02-14T02:00:03.953551Z","level":"info","event":"Pushing xcom","ti":"RuntimeTaskInstance(id=UUID('019c59e0-5f82-7078-92a4-5329fd05102f'), task_id='upsert_csv', dag_id='load_nvda_csv_to_***_postgres', run_id='manual__2026-02-14T02:00:02.497886+00:00', try_number=1, dag_version_id=UUID('019c4439-a44c-7b80-bec5-3629f213a6be'), map_index=-1, hostname='9089b8995408', context_carrier={}, task=<Task(_PythonDecoratedOperator): upsert_csv>, bundle_instance=LocalDagBundle(name=dags-folder), max_tries=0, start_date=datetime.datetime(2026, 2, 14, 2, 0, 3, 340276, tzinfo=datetime.timezone.utc), end_date=None, state=<TaskInstanceState.RUNNING: 'running'>, is_mapped=False, rendered_map_index=None)","logger":"task","filename":"task_runner.py","lineno":1450}
