{"timestamp":"2026-02-12T02:00:04.557272Z","level":"info","event":"DAG bundles loaded: dags-folder","logger":"airflow.dag_processing.bundles.manager.DagBundlesManager","filename":"manager.py","lineno":179}
{"timestamp":"2026-02-12T02:00:04.558128Z","level":"info","event":"Filling up the DagBag from /opt/airflow/dags/load_nvda_csv_to_market_postgres.py","logger":"airflow.models.dagbag.DagBag","filename":"dagbag.py","lineno":593}
{"timestamp":"2026-02-12T02:00:04.637323Z","level":"info","event":"================================================================================","logger":"unusual_prefix_323cb1a7a6eab534aca0c08f330d82549ef412e0_load_nvda_csv_to_market_postgres","filename":"load_nvda_csv_to_market_postgres.py","lineno":59}
{"timestamp":"2026-02-12T02:00:04.637526Z","level":"info","event":"INICIANDO CARGA DE CSV A POSTGRES","logger":"unusual_prefix_323cb1a7a6eab534aca0c08f330d82549ef412e0_load_nvda_csv_to_market_postgres","filename":"load_nvda_csv_to_market_postgres.py","lineno":60}
{"timestamp":"2026-02-12T02:00:04.637626Z","level":"info","event":"================================================================================","logger":"unusual_prefix_323cb1a7a6eab534aca0c08f330d82549ef412e0_load_nvda_csv_to_market_postgres","filename":"load_nvda_csv_to_market_postgres.py","lineno":61}
{"timestamp":"2026-02-12T02:00:04.637812Z","level":"info","event":"📄 CSV encontrado: /opt/airflow/data/massive/nvda/NVDA_aggs.csv","logger":"unusual_prefix_323cb1a7a6eab534aca0c08f330d82549ef412e0_load_nvda_csv_to_market_postgres","filename":"load_nvda_csv_to_market_postgres.py","lineno":71}
{"timestamp":"2026-02-12T02:00:04.637923Z","level":"info","event":"📊 Tamaño del archivo: 1.36 MB","logger":"unusual_prefix_323cb1a7a6eab534aca0c08f330d82549ef412e0_load_nvda_csv_to_market_postgres","filename":"load_nvda_csv_to_market_postgres.py","lineno":72}
{"timestamp":"2026-02-12T02:00:04.647949Z","level":"info","event":"🔄 Carga incremental desde timestamp: 1738630740000","logger":"unusual_prefix_323cb1a7a6eab534aca0c08f330d82549ef412e0_load_nvda_csv_to_market_postgres","filename":"load_nvda_csv_to_market_postgres.py","lineno":82}
{"timestamp":"2026-02-12T02:00:04.648187Z","level":"info","event":"   Última fecha procesada: 2025-02-04 00:59:00+00:00","logger":"unusual_prefix_323cb1a7a6eab534aca0c08f330d82549ef412e0_load_nvda_csv_to_market_postgres","filename":"load_nvda_csv_to_market_postgres.py","lineno":83}
{"timestamp":"2026-02-12T02:00:04.648313Z","level":"info","event":"🔌 Conectando a PostgreSQL: market_postgres","logger":"unusual_prefix_323cb1a7a6eab534aca0c08f330d82549ef412e0_load_nvda_csv_to_market_postgres","filename":"load_nvda_csv_to_market_postgres.py","lineno":86}
{"timestamp":"2026-02-12T02:00:04.837827Z","level":"warning","event":"empty cryptography key - values will not be stored encrypted.","logger":"airflow.models.crypto","filename":"crypto.py","lineno":82}
{"timestamp":"2026-02-12T02:00:04.850490Z","level":"info","event":"🏗️  Verificando/creando tabla: nvda_aggs_minute","logger":"unusual_prefix_323cb1a7a6eab534aca0c08f330d82549ef412e0_load_nvda_csv_to_***_postgres","filename":"load_nvda_csv_to_***_postgres.py","lineno":92}
{"timestamp":"2026-02-12T02:00:04.851463Z","level":"info","event":"✅ Tabla verificada/creada correctamente","logger":"unusual_prefix_323cb1a7a6eab534aca0c08f330d82549ef412e0_load_nvda_csv_to_***_postgres","filename":"load_nvda_csv_to_***_postgres.py","lineno":112}
{"timestamp":"2026-02-12T02:00:04.851632Z","level":"info","event":"📖 Comenzando lectura del CSV...","logger":"unusual_prefix_323cb1a7a6eab534aca0c08f330d82549ef412e0_load_nvda_csv_to_***_postgres","filename":"load_nvda_csv_to_***_postgres.py","lineno":139}
{"timestamp":"2026-02-12T02:00:04.852031Z","level":"info","event":"✅ Header del CSV validado correctamente","logger":"unusual_prefix_323cb1a7a6eab534aca0c08f330d82549ef412e0_load_nvda_csv_to_***_postgres","filename":"load_nvda_csv_to_***_postgres.py","lineno":149}
{"timestamp":"2026-02-12T02:00:04.955580Z","level":"info","event":"📦 Batch #1 - Primera fila:","logger":"unusual_prefix_323cb1a7a6eab534aca0c08f330d82549ef412e0_load_nvda_csv_to_***_postgres","filename":"load_nvda_csv_to_***_postgres.py","lineno":166}
{"timestamp":"2026-02-12T02:00:04.955821Z","level":"info","event":"   Timestamp: 2025-02-04 09:00:00+00:00 (1738659600000)","logger":"unusual_prefix_323cb1a7a6eab534aca0c08f330d82549ef412e0_load_nvda_csv_to_***_postgres","filename":"load_nvda_csv_to_***_postgres.py","lineno":167}
{"timestamp":"2026-02-12T02:00:04.955951Z","level":"info","event":"   Open: 117.36, Close: 117.16","logger":"unusual_prefix_323cb1a7a6eab534aca0c08f330d82549ef412e0_load_nvda_csv_to_***_postgres","filename":"load_nvda_csv_to_***_postgres.py","lineno":168}
{"timestamp":"2026-02-12T02:00:04.956099Z","level":"info","event":"   High: 118.05, Low: 117.08","logger":"unusual_prefix_323cb1a7a6eab534aca0c08f330d82549ef412e0_load_nvda_csv_to_***_postgres","filename":"load_nvda_csv_to_***_postgres.py","lineno":169}
{"timestamp":"2026-02-12T02:00:04.956196Z","level":"info","event":"   Volume: 52519","logger":"unusual_prefix_323cb1a7a6eab534aca0c08f330d82549ef412e0_load_nvda_csv_to_***_postgres","filename":"load_nvda_csv_to_***_postgres.py","lineno":170}
{"timestamp":"2026-02-12T02:00:05.063147Z","level":"info","event":"✅ Último batch #2 insertado: 959 filas | Total acumulado: 959","logger":"unusual_prefix_323cb1a7a6eab534aca0c08f330d82549ef412e0_load_nvda_csv_to_***_postgres","filename":"load_nvda_csv_to_***_postgres.py","lineno":206}
{"timestamp":"2026-02-12T02:00:05.063410Z","level":"info","event":"📊 Obteniendo estadísticas de la base de datos...","logger":"unusual_prefix_323cb1a7a6eab534aca0c08f330d82549ef412e0_load_nvda_csv_to_***_postgres","filename":"load_nvda_csv_to_***_postgres.py","lineno":209}
{"timestamp":"2026-02-12T02:00:05.075775Z","level":"info","event":"📈 ESTADÍSTICAS EN BASE DE DATOS:","logger":"unusual_prefix_323cb1a7a6eab534aca0c08f330d82549ef412e0_load_nvda_csv_to_***_postgres","filename":"load_nvda_csv_to_***_postgres.py","lineno":224}
{"timestamp":"2026-02-12T02:00:05.075984Z","level":"info","event":"   Total registros en tabla: 21,093","logger":"unusual_prefix_323cb1a7a6eab534aca0c08f330d82549ef412e0_load_nvda_csv_to_***_postgres","filename":"load_nvda_csv_to_***_postgres.py","lineno":225}
{"timestamp":"2026-02-12T02:00:05.076119Z","level":"info","event":"   Primer timestamp: 2025-01-02 09:00:00+00:00","logger":"unusual_prefix_323cb1a7a6eab534aca0c08f330d82549ef412e0_load_nvda_csv_to_***_postgres","filename":"load_nvda_csv_to_***_postgres.py","lineno":226}
{"timestamp":"2026-02-12T02:00:05.076220Z","level":"info","event":"   Último timestamp: 2025-02-05 00:59:00+00:00","logger":"unusual_prefix_323cb1a7a6eab534aca0c08f330d82549ef412e0_load_nvda_csv_to_***_postgres","filename":"load_nvda_csv_to_***_postgres.py","lineno":227}
{"timestamp":"2026-02-12T02:00:05.076324Z","level":"info","event":"   Precio mínimo: $113.56","logger":"unusual_prefix_323cb1a7a6eab534aca0c08f330d82549ef412e0_load_nvda_csv_to_***_postgres","filename":"load_nvda_csv_to_***_postgres.py","lineno":228}
{"timestamp":"2026-02-12T02:00:05.076418Z","level":"info","event":"   Precio máximo: $153.68","logger":"unusual_prefix_323cb1a7a6eab534aca0c08f330d82549ef412e0_load_nvda_csv_to_***_postgres","filename":"load_nvda_csv_to_***_postgres.py","lineno":229}
{"timestamp":"2026-02-12T02:00:05.076509Z","level":"info","event":"   Volumen promedio: 285,395","logger":"unusual_prefix_323cb1a7a6eab534aca0c08f330d82549ef412e0_load_nvda_csv_to_***_postgres","filename":"load_nvda_csv_to_***_postgres.py","lineno":230}
{"timestamp":"2026-02-12T02:00:05.097117Z","level":"info","event":"💾 Variable actualizada: massive_nvda_db_last_ts_ms = 1738717140000","logger":"unusual_prefix_323cb1a7a6eab534aca0c08f330d82549ef412e0_load_nvda_csv_to_***_postgres","filename":"load_nvda_csv_to_***_postgres.py","lineno":238}
{"timestamp":"2026-02-12T02:00:05.097385Z","level":"info","event":"   Corresponde a: 2025-02-05 00:59:00+00:00","logger":"unusual_prefix_323cb1a7a6eab534aca0c08f330d82549ef412e0_load_nvda_csv_to_***_postgres","filename":"load_nvda_csv_to_***_postgres.py","lineno":239}
{"timestamp":"2026-02-12T02:00:05.097530Z","level":"info","event":"================================================================================","logger":"unusual_prefix_323cb1a7a6eab534aca0c08f330d82549ef412e0_load_nvda_csv_to_***_postgres","filename":"load_nvda_csv_to_***_postgres.py","lineno":242}
{"timestamp":"2026-02-12T02:00:05.097659Z","level":"info","event":"📋 RESUMEN DE LA CARGA","logger":"unusual_prefix_323cb1a7a6eab534aca0c08f330d82549ef412e0_load_nvda_csv_to_***_postgres","filename":"load_nvda_csv_to_***_postgres.py","lineno":243}
{"timestamp":"2026-02-12T02:00:05.097794Z","level":"info","event":"================================================================================","logger":"unusual_prefix_323cb1a7a6eab534aca0c08f330d82549ef412e0_load_nvda_csv_to_***_postgres","filename":"load_nvda_csv_to_***_postgres.py","lineno":244}
{"timestamp":"2026-02-12T02:00:05.097926Z","level":"info","event":"✅ Registros nuevos insertados: 959","logger":"unusual_prefix_323cb1a7a6eab534aca0c08f330d82549ef412e0_load_nvda_csv_to_***_postgres","filename":"load_nvda_csv_to_***_postgres.py","lineno":245}
{"timestamp":"2026-02-12T02:00:05.098072Z","level":"info","event":"⏭️  Registros omitidos (ya existían): 21,094","logger":"unusual_prefix_323cb1a7a6eab534aca0c08f330d82549ef412e0_load_nvda_csv_to_***_postgres","filename":"load_nvda_csv_to_***_postgres.py","lineno":246}
{"timestamp":"2026-02-12T02:00:05.098209Z","level":"info","event":"📦 Total de batches procesados: 2","logger":"unusual_prefix_323cb1a7a6eab534aca0c08f330d82549ef412e0_load_nvda_csv_to_***_postgres","filename":"load_nvda_csv_to_***_postgres.py","lineno":247}
{"timestamp":"2026-02-12T02:00:05.098341Z","level":"info","event":"📁 Archivo CSV: /opt/airflow/data/massive/nvda/NVDA_aggs.csv","logger":"unusual_prefix_323cb1a7a6eab534aca0c08f330d82549ef412e0_load_nvda_csv_to_***_postgres","filename":"load_nvda_csv_to_***_postgres.py","lineno":248}
{"timestamp":"2026-02-12T02:00:05.098469Z","level":"info","event":"🗄️  Tabla destino: nvda_aggs_minute","logger":"unusual_prefix_323cb1a7a6eab534aca0c08f330d82549ef412e0_load_nvda_csv_to_***_postgres","filename":"load_nvda_csv_to_***_postgres.py","lineno":249}
{"timestamp":"2026-02-12T02:00:05.098612Z","level":"info","event":"🔢 Tamaño del batch: 5,000","logger":"unusual_prefix_323cb1a7a6eab534aca0c08f330d82549ef412e0_load_nvda_csv_to_***_postgres","filename":"load_nvda_csv_to_***_postgres.py","lineno":250}
{"timestamp":"2026-02-12T02:00:05.098743Z","level":"info","event":"================================================================================","logger":"unusual_prefix_323cb1a7a6eab534aca0c08f330d82549ef412e0_load_nvda_csv_to_***_postgres","filename":"load_nvda_csv_to_***_postgres.py","lineno":251}
{"timestamp":"2026-02-12T02:00:05.099030Z","level":"info","event":"📤 Resultado final: {\n  \"rows_inserted\": 959,\n  \"rows_skipped\": 21094,\n  \"batches_processed\": 2,\n  \"last_timestamp_ms\": 1738717140000,\n  \"last_timestamp_dt\": \"2025-02-05T00:59:00+00:00\",\n  \"csv_path\": \"/opt/airflow/data/massive/nvda/NVDA_aggs.csv\",\n  \"csv_size_mb\": 1.36,\n  \"table\": \"nvda_aggs_minute\",\n  \"db_total_rows\": 21093\n}","logger":"unusual_prefix_323cb1a7a6eab534aca0c08f330d82549ef412e0_load_nvda_csv_to_***_postgres","filename":"load_nvda_csv_to_***_postgres.py","lineno":266}
{"timestamp":"2026-02-12T02:00:05.099687Z","level":"info","event":"Done. Returned value was: {'rows_inserted': 959, 'rows_skipped': 21094, 'batches_processed': 2, 'last_timestamp_ms': 1738717140000, 'last_timestamp_dt': '2025-02-05T00:59:00+00:00', 'csv_path': '/opt/airflow/data/massive/nvda/NVDA_aggs.csv', 'csv_size_mb': 1.36, 'table': 'nvda_aggs_minute', 'db_total_rows': 21093}","logger":"airflow.task.operators.airflow.providers.standard.decorators.python._PythonDecoratedOperator","filename":"python.py","lineno":216}
{"timestamp":"2026-02-12T02:00:05.100159Z","level":"info","event":"Pushing xcom","ti":"RuntimeTaskInstance(id=UUID('019c4f93-ac14-7fe2-84d2-ac952ccb5ddb'), task_id='upsert_csv', dag_id='load_nvda_csv_to_***_postgres', run_id='manual__2026-02-12T02:00:03.665275+00:00', try_number=1, dag_version_id=UUID('019c4439-a44c-7b80-bec5-3629f213a6be'), map_index=-1, hostname='9089b8995408', context_carrier={}, task=<Task(_PythonDecoratedOperator): upsert_csv>, bundle_instance=LocalDagBundle(name=dags-folder), max_tries=0, start_date=datetime.datetime(2026, 2, 12, 2, 0, 4, 497842, tzinfo=datetime.timezone.utc), end_date=None, state=<TaskInstanceState.RUNNING: 'running'>, is_mapped=False, rendered_map_index=None)","logger":"task","filename":"task_runner.py","lineno":1450}
