{"timestamp":"2026-02-09T21:12:05.694411Z","level":"info","event":"DAG bundles loaded: dags-folder","logger":"airflow.dag_processing.bundles.manager.DagBundlesManager","filename":"manager.py","lineno":179}
{"timestamp":"2026-02-09T21:12:05.695715Z","level":"info","event":"Filling up the DagBag from /opt/airflow/dags/load_nvda_csv_to_market_postgres.py","logger":"airflow.models.dagbag.DagBag","filename":"dagbag.py","lineno":593}
{"timestamp":"2026-02-09T21:12:06.037865Z","level":"info","event":"================================================================================","logger":"unusual_prefix_323cb1a7a6eab534aca0c08f330d82549ef412e0_load_nvda_csv_to_market_postgres","filename":"load_nvda_csv_to_market_postgres.py","lineno":59}
{"timestamp":"2026-02-09T21:12:06.038077Z","level":"info","event":"INICIANDO CARGA DE CSV A POSTGRES","logger":"unusual_prefix_323cb1a7a6eab534aca0c08f330d82549ef412e0_load_nvda_csv_to_market_postgres","filename":"load_nvda_csv_to_market_postgres.py","lineno":60}
{"timestamp":"2026-02-09T21:12:06.038190Z","level":"info","event":"================================================================================","logger":"unusual_prefix_323cb1a7a6eab534aca0c08f330d82549ef412e0_load_nvda_csv_to_market_postgres","filename":"load_nvda_csv_to_market_postgres.py","lineno":61}
{"timestamp":"2026-02-09T21:12:06.038404Z","level":"info","event":"📄 CSV encontrado: /opt/airflow/data/massive/nvda/NVDA_aggs.csv","logger":"unusual_prefix_323cb1a7a6eab534aca0c08f330d82549ef412e0_load_nvda_csv_to_market_postgres","filename":"load_nvda_csv_to_market_postgres.py","lineno":71}
{"timestamp":"2026-02-09T21:12:06.038534Z","level":"info","event":"📊 Tamaño del archivo: 1.18 MB","logger":"unusual_prefix_323cb1a7a6eab534aca0c08f330d82549ef412e0_load_nvda_csv_to_market_postgres","filename":"load_nvda_csv_to_market_postgres.py","lineno":72}
{"timestamp":"2026-02-09T21:12:06.049916Z","level":"info","event":"🆕 Primera carga - procesando todos los registros","logger":"unusual_prefix_323cb1a7a6eab534aca0c08f330d82549ef412e0_load_nvda_csv_to_market_postgres","filename":"load_nvda_csv_to_market_postgres.py","lineno":79}
{"timestamp":"2026-02-09T21:12:06.050109Z","level":"info","event":"🔌 Conectando a PostgreSQL: market_postgres","logger":"unusual_prefix_323cb1a7a6eab534aca0c08f330d82549ef412e0_load_nvda_csv_to_market_postgres","filename":"load_nvda_csv_to_market_postgres.py","lineno":86}
{"timestamp":"2026-02-09T21:12:06.228031Z","level":"warning","event":"empty cryptography key - values will not be stored encrypted.","logger":"airflow.models.crypto","filename":"crypto.py","lineno":82}
{"timestamp":"2026-02-09T21:12:06.265460Z","level":"info","event":"🏗️  Verificando/creando tabla: nvda_aggs_minute","logger":"unusual_prefix_323cb1a7a6eab534aca0c08f330d82549ef412e0_load_nvda_csv_to_***_postgres","filename":"load_nvda_csv_to_***_postgres.py","lineno":92}
{"timestamp":"2026-02-09T21:12:06.320271Z","level":"info","event":"✅ Tabla verificada/creada correctamente","logger":"unusual_prefix_323cb1a7a6eab534aca0c08f330d82549ef412e0_load_nvda_csv_to_***_postgres","filename":"load_nvda_csv_to_***_postgres.py","lineno":112}
{"timestamp":"2026-02-09T21:12:06.320570Z","level":"info","event":"📖 Comenzando lectura del CSV...","logger":"unusual_prefix_323cb1a7a6eab534aca0c08f330d82549ef412e0_load_nvda_csv_to_***_postgres","filename":"load_nvda_csv_to_***_postgres.py","lineno":139}
{"timestamp":"2026-02-09T21:12:06.320987Z","level":"info","event":"✅ Header del CSV validado correctamente","logger":"unusual_prefix_323cb1a7a6eab534aca0c08f330d82549ef412e0_load_nvda_csv_to_***_postgres","filename":"load_nvda_csv_to_***_postgres.py","lineno":149}
{"timestamp":"2026-02-09T21:12:06.321215Z","level":"info","event":"📦 Batch #1 - Primera fila:","logger":"unusual_prefix_323cb1a7a6eab534aca0c08f330d82549ef412e0_load_nvda_csv_to_***_postgres","filename":"load_nvda_csv_to_***_postgres.py","lineno":166}
{"timestamp":"2026-02-09T21:12:06.321400Z","level":"info","event":"   Timestamp: 2025-01-02 09:00:00+00:00 (1735808400000)","logger":"unusual_prefix_323cb1a7a6eab534aca0c08f330d82549ef412e0_load_nvda_csv_to_***_postgres","filename":"load_nvda_csv_to_***_postgres.py","lineno":167}
{"timestamp":"2026-02-09T21:12:06.321528Z","level":"info","event":"   Open: 132.95, Close: 134.78","logger":"unusual_prefix_323cb1a7a6eab534aca0c08f330d82549ef412e0_load_nvda_csv_to_***_postgres","filename":"load_nvda_csv_to_***_postgres.py","lineno":168}
{"timestamp":"2026-02-09T21:12:06.321626Z","level":"info","event":"   High: 135.29, Low: 132.95","logger":"unusual_prefix_323cb1a7a6eab534aca0c08f330d82549ef412e0_load_nvda_csv_to_***_postgres","filename":"load_nvda_csv_to_***_postgres.py","lineno":169}
{"timestamp":"2026-02-09T21:12:06.321715Z","level":"info","event":"   Volume: 228375","logger":"unusual_prefix_323cb1a7a6eab534aca0c08f330d82549ef412e0_load_nvda_csv_to_***_postgres","filename":"load_nvda_csv_to_***_postgres.py","lineno":170}
{"timestamp":"2026-02-09T21:12:06.908397Z","level":"info","event":"✅ Batch #1 insertado: 5000 filas | Total acumulado: 5000","logger":"unusual_prefix_323cb1a7a6eab534aca0c08f330d82549ef412e0_load_nvda_csv_to_***_postgres","filename":"load_nvda_csv_to_***_postgres.py","lineno":196}
{"timestamp":"2026-02-09T21:12:06.911085Z","level":"info","event":"📦 Batch #2 - Primera fila:","logger":"unusual_prefix_323cb1a7a6eab534aca0c08f330d82549ef412e0_load_nvda_csv_to_***_postgres","filename":"load_nvda_csv_to_***_postgres.py","lineno":166}
{"timestamp":"2026-02-09T21:12:06.911335Z","level":"info","event":"   Timestamp: 2025-01-10 12:27:00+00:00 (1736512020000)","logger":"unusual_prefix_323cb1a7a6eab534aca0c08f330d82549ef412e0_load_nvda_csv_to_***_postgres","filename":"load_nvda_csv_to_***_postgres.py","lineno":167}
{"timestamp":"2026-02-09T21:12:06.911451Z","level":"info","event":"   Open: 137.95, Close: 137.89","logger":"unusual_prefix_323cb1a7a6eab534aca0c08f330d82549ef412e0_load_nvda_csv_to_***_postgres","filename":"load_nvda_csv_to_***_postgres.py","lineno":168}
{"timestamp":"2026-02-09T21:12:06.911557Z","level":"info","event":"   High: 137.95, Low: 137.87","logger":"unusual_prefix_323cb1a7a6eab534aca0c08f330d82549ef412e0_load_nvda_csv_to_***_postgres","filename":"load_nvda_csv_to_***_postgres.py","lineno":169}
{"timestamp":"2026-02-09T21:12:06.911660Z","level":"info","event":"   Volume: 9159","logger":"unusual_prefix_323cb1a7a6eab534aca0c08f330d82549ef412e0_load_nvda_csv_to_***_postgres","filename":"load_nvda_csv_to_***_postgres.py","lineno":170}
{"timestamp":"2026-02-09T21:12:07.430979Z","level":"info","event":"✅ Batch #2 insertado: 5000 filas | Total acumulado: 10000","logger":"unusual_prefix_323cb1a7a6eab534aca0c08f330d82549ef412e0_load_nvda_csv_to_***_postgres","filename":"load_nvda_csv_to_***_postgres.py","lineno":196}
{"timestamp":"2026-02-09T21:12:07.433610Z","level":"info","event":"📦 Batch #3 - Primera fila:","logger":"unusual_prefix_323cb1a7a6eab534aca0c08f330d82549ef412e0_load_nvda_csv_to_***_postgres","filename":"load_nvda_csv_to_***_postgres.py","lineno":166}
{"timestamp":"2026-02-09T21:12:07.433873Z","level":"info","event":"   Timestamp: 2025-01-17 15:55:00+00:00 (1737129300000)","logger":"unusual_prefix_323cb1a7a6eab534aca0c08f330d82549ef412e0_load_nvda_csv_to_***_postgres","filename":"load_nvda_csv_to_***_postgres.py","lineno":167}
{"timestamp":"2026-02-09T21:12:07.434005Z","level":"info","event":"   Open: 138.035, Close: 138","logger":"unusual_prefix_323cb1a7a6eab534aca0c08f330d82549ef412e0_load_nvda_csv_to_***_postgres","filename":"load_nvda_csv_to_***_postgres.py","lineno":168}
{"timestamp":"2026-02-09T21:12:07.434133Z","level":"info","event":"   High: 138.06, Low: 137.92","logger":"unusual_prefix_323cb1a7a6eab534aca0c08f330d82549ef412e0_load_nvda_csv_to_***_postgres","filename":"load_nvda_csv_to_***_postgres.py","lineno":169}
{"timestamp":"2026-02-09T21:12:07.434252Z","level":"info","event":"   Volume: 348002","logger":"unusual_prefix_323cb1a7a6eab534aca0c08f330d82549ef412e0_load_nvda_csv_to_***_postgres","filename":"load_nvda_csv_to_***_postgres.py","lineno":170}
{"timestamp":"2026-02-09T21:12:08.929761Z","level":"info","event":"✅ Batch #3 insertado: 5000 filas | Total acumulado: 15000","logger":"unusual_prefix_323cb1a7a6eab534aca0c08f330d82549ef412e0_load_nvda_csv_to_***_postgres","filename":"load_nvda_csv_to_***_postgres.py","lineno":196}
{"timestamp":"2026-02-09T21:12:08.932931Z","level":"info","event":"📦 Batch #4 - Primera fila:","logger":"unusual_prefix_323cb1a7a6eab534aca0c08f330d82549ef412e0_load_nvda_csv_to_***_postgres","filename":"load_nvda_csv_to_***_postgres.py","lineno":166}
{"timestamp":"2026-02-09T21:12:08.933206Z","level":"info","event":"   Timestamp: 2025-01-27 19:26:00+00:00 (1738005960000)","logger":"unusual_prefix_323cb1a7a6eab534aca0c08f330d82549ef412e0_load_nvda_csv_to_***_postgres","filename":"load_nvda_csv_to_***_postgres.py","lineno":167}
{"timestamp":"2026-02-09T21:12:08.933379Z","level":"info","event":"   Open: 117.89, Close: 118.005","logger":"unusual_prefix_323cb1a7a6eab534aca0c08f330d82549ef412e0_load_nvda_csv_to_***_postgres","filename":"load_nvda_csv_to_***_postgres.py","lineno":168}
{"timestamp":"2026-02-09T21:12:08.933512Z","level":"info","event":"   High: 118.07, Low: 117.88","logger":"unusual_prefix_323cb1a7a6eab534aca0c08f330d82549ef412e0_load_nvda_csv_to_***_postgres","filename":"load_nvda_csv_to_***_postgres.py","lineno":169}
{"timestamp":"2026-02-09T21:12:08.933630Z","level":"info","event":"   Volume: 1081946.0","logger":"unusual_prefix_323cb1a7a6eab534aca0c08f330d82549ef412e0_load_nvda_csv_to_***_postgres","filename":"load_nvda_csv_to_***_postgres.py","lineno":170}
{"timestamp":"2026-02-09T21:12:09.404823Z","level":"info","event":"✅ Último batch #5 insertado: 4174 filas | Total acumulado: 19174","logger":"unusual_prefix_323cb1a7a6eab534aca0c08f330d82549ef412e0_load_nvda_csv_to_***_postgres","filename":"load_nvda_csv_to_***_postgres.py","lineno":206}
{"timestamp":"2026-02-09T21:12:09.405037Z","level":"info","event":"📊 Obteniendo estadísticas de la base de datos...","logger":"unusual_prefix_323cb1a7a6eab534aca0c08f330d82549ef412e0_load_nvda_csv_to_***_postgres","filename":"load_nvda_csv_to_***_postgres.py","lineno":209}
{"timestamp":"2026-02-09T21:12:09.423725Z","level":"info","event":"📈 ESTADÍSTICAS EN BASE DE DATOS:","logger":"unusual_prefix_323cb1a7a6eab534aca0c08f330d82549ef412e0_load_nvda_csv_to_***_postgres","filename":"load_nvda_csv_to_***_postgres.py","lineno":224}
{"timestamp":"2026-02-09T21:12:09.423935Z","level":"info","event":"   Total registros en tabla: 19,174","logger":"unusual_prefix_323cb1a7a6eab534aca0c08f330d82549ef412e0_load_nvda_csv_to_***_postgres","filename":"load_nvda_csv_to_***_postgres.py","lineno":225}
{"timestamp":"2026-02-09T21:12:09.424055Z","level":"info","event":"   Primer timestamp: 2025-01-02 09:00:00+00:00","logger":"unusual_prefix_323cb1a7a6eab534aca0c08f330d82549ef412e0_load_nvda_csv_to_***_postgres","filename":"load_nvda_csv_to_***_postgres.py","lineno":226}
{"timestamp":"2026-02-09T21:12:09.424152Z","level":"info","event":"   Último timestamp: 2025-02-01 00:59:00+00:00","logger":"unusual_prefix_323cb1a7a6eab534aca0c08f330d82549ef412e0_load_nvda_csv_to_***_postgres","filename":"load_nvda_csv_to_***_postgres.py","lineno":227}
{"timestamp":"2026-02-09T21:12:09.424249Z","level":"info","event":"   Precio mínimo: $116.48","logger":"unusual_prefix_323cb1a7a6eab534aca0c08f330d82549ef412e0_load_nvda_csv_to_***_postgres","filename":"load_nvda_csv_to_***_postgres.py","lineno":228}
{"timestamp":"2026-02-09T21:12:09.424369Z","level":"info","event":"   Precio máximo: $153.68","logger":"unusual_prefix_323cb1a7a6eab534aca0c08f330d82549ef412e0_load_nvda_csv_to_***_postgres","filename":"load_nvda_csv_to_***_postgres.py","lineno":229}
{"timestamp":"2026-02-09T21:12:09.424464Z","level":"info","event":"   Volumen promedio: 284,078","logger":"unusual_prefix_323cb1a7a6eab534aca0c08f330d82549ef412e0_load_nvda_csv_to_***_postgres","filename":"load_nvda_csv_to_***_postgres.py","lineno":230}
{"timestamp":"2026-02-09T21:12:09.450452Z","level":"info","event":"💾 Variable actualizada: massive_nvda_db_last_ts_ms = 1738371540000","logger":"unusual_prefix_323cb1a7a6eab534aca0c08f330d82549ef412e0_load_nvda_csv_to_***_postgres","filename":"load_nvda_csv_to_***_postgres.py","lineno":238}
{"timestamp":"2026-02-09T21:12:09.450654Z","level":"info","event":"   Corresponde a: 2025-02-01 00:59:00+00:00","logger":"unusual_prefix_323cb1a7a6eab534aca0c08f330d82549ef412e0_load_nvda_csv_to_***_postgres","filename":"load_nvda_csv_to_***_postgres.py","lineno":239}
{"timestamp":"2026-02-09T21:12:09.450759Z","level":"info","event":"================================================================================","logger":"unusual_prefix_323cb1a7a6eab534aca0c08f330d82549ef412e0_load_nvda_csv_to_***_postgres","filename":"load_nvda_csv_to_***_postgres.py","lineno":242}
{"timestamp":"2026-02-09T21:12:09.450849Z","level":"info","event":"📋 RESUMEN DE LA CARGA","logger":"unusual_prefix_323cb1a7a6eab534aca0c08f330d82549ef412e0_load_nvda_csv_to_***_postgres","filename":"load_nvda_csv_to_***_postgres.py","lineno":243}
{"timestamp":"2026-02-09T21:12:09.450942Z","level":"info","event":"================================================================================","logger":"unusual_prefix_323cb1a7a6eab534aca0c08f330d82549ef412e0_load_nvda_csv_to_***_postgres","filename":"load_nvda_csv_to_***_postgres.py","lineno":244}
{"timestamp":"2026-02-09T21:12:09.451033Z","level":"info","event":"✅ Registros nuevos insertados: 19,174","logger":"unusual_prefix_323cb1a7a6eab534aca0c08f330d82549ef412e0_load_nvda_csv_to_***_postgres","filename":"load_nvda_csv_to_***_postgres.py","lineno":245}
{"timestamp":"2026-02-09T21:12:09.451120Z","level":"info","event":"⏭️  Registros omitidos (ya existían): 0","logger":"unusual_prefix_323cb1a7a6eab534aca0c08f330d82549ef412e0_load_nvda_csv_to_***_postgres","filename":"load_nvda_csv_to_***_postgres.py","lineno":246}
{"timestamp":"2026-02-09T21:12:09.451206Z","level":"info","event":"📦 Total de batches procesados: 5","logger":"unusual_prefix_323cb1a7a6eab534aca0c08f330d82549ef412e0_load_nvda_csv_to_***_postgres","filename":"load_nvda_csv_to_***_postgres.py","lineno":247}
{"timestamp":"2026-02-09T21:12:09.451309Z","level":"info","event":"📁 Archivo CSV: /opt/airflow/data/massive/nvda/NVDA_aggs.csv","logger":"unusual_prefix_323cb1a7a6eab534aca0c08f330d82549ef412e0_load_nvda_csv_to_***_postgres","filename":"load_nvda_csv_to_***_postgres.py","lineno":248}
{"timestamp":"2026-02-09T21:12:09.451400Z","level":"info","event":"🗄️  Tabla destino: nvda_aggs_minute","logger":"unusual_prefix_323cb1a7a6eab534aca0c08f330d82549ef412e0_load_nvda_csv_to_***_postgres","filename":"load_nvda_csv_to_***_postgres.py","lineno":249}
{"timestamp":"2026-02-09T21:12:09.451490Z","level":"info","event":"🔢 Tamaño del batch: 5,000","logger":"unusual_prefix_323cb1a7a6eab534aca0c08f330d82549ef412e0_load_nvda_csv_to_***_postgres","filename":"load_nvda_csv_to_***_postgres.py","lineno":250}
{"timestamp":"2026-02-09T21:12:09.451574Z","level":"info","event":"================================================================================","logger":"unusual_prefix_323cb1a7a6eab534aca0c08f330d82549ef412e0_load_nvda_csv_to_***_postgres","filename":"load_nvda_csv_to_***_postgres.py","lineno":251}
{"timestamp":"2026-02-09T21:12:09.451768Z","level":"info","event":"📤 Resultado final: {\n  \"rows_inserted\": 19174,\n  \"rows_skipped\": 0,\n  \"batches_processed\": 5,\n  \"last_timestamp_ms\": 1738371540000,\n  \"last_timestamp_dt\": \"2025-02-01T00:59:00+00:00\",\n  \"csv_path\": \"/opt/airflow/data/massive/nvda/NVDA_aggs.csv\",\n  \"csv_size_mb\": 1.18,\n  \"table\": \"nvda_aggs_minute\",\n  \"db_total_rows\": 19174\n}","logger":"unusual_prefix_323cb1a7a6eab534aca0c08f330d82549ef412e0_load_nvda_csv_to_***_postgres","filename":"load_nvda_csv_to_***_postgres.py","lineno":266}
{"timestamp":"2026-02-09T21:12:09.453955Z","level":"info","event":"Done. Returned value was: {'rows_inserted': 19174, 'rows_skipped': 0, 'batches_processed': 5, 'last_timestamp_ms': 1738371540000, 'last_timestamp_dt': '2025-02-01T00:59:00+00:00', 'csv_path': '/opt/airflow/data/massive/nvda/NVDA_aggs.csv', 'csv_size_mb': 1.18, 'table': 'nvda_aggs_minute', 'db_total_rows': 19174}","logger":"airflow.task.operators.airflow.providers.standard.decorators.python._PythonDecoratedOperator","filename":"python.py","lineno":216}
{"timestamp":"2026-02-09T21:12:09.454415Z","level":"info","event":"Pushing xcom","ti":"RuntimeTaskInstance(id=UUID('019c443f-4bb8-76b8-ba7a-7eb9df166df1'), task_id='upsert_csv', dag_id='load_nvda_csv_to_***_postgres', run_id='manual__2026-02-09T21:12:03.930363+00:00', try_number=1, dag_version_id=UUID('019c4439-a44c-7b80-bec5-3629f213a6be'), map_index=-1, hostname='9089b8995408', context_carrier={}, task=<Task(_PythonDecoratedOperator): upsert_csv>, bundle_instance=LocalDagBundle(name=dags-folder), max_tries=0, start_date=datetime.datetime(2026, 2, 9, 21, 12, 5, 627165, tzinfo=datetime.timezone.utc), end_date=None, state=<TaskInstanceState.RUNNING: 'running'>, is_mapped=False, rendered_map_index=None)","logger":"task","filename":"task_runner.py","lineno":1450}
